<html>
<body>
<pre>
<h1>µVision Build Log</h1>
<h2>Project:</h2>
D:\stm32f051r8-kelic5-reg\uart\pro\usart1.uvproj
Project File Date:  11/23/2018

<h2>Output:</h2>
Rebuild target 'Target 1'
assembling startup_stm32f051.s...
compiling main.c...
compiling sw_gpio.c...
compiling sw_rcc.c...
compiling sw_interrupt.c...
compiling sw_uart.c...
linking...
Program Size: Code=568 RO-data=208 RW-data=0 ZI-data=1632  
"..\usart1.axf" - 0 Error(s), 0 Warning(s).
</pre>
</body>
</html>
1295-D: Deprecated declaration It_init - give arg types
  void It_init();
..\src\main.c(11): warning:  #111-D: statement is unreachable
        return 0;
..\src\main.c: 4 warnings, 0 errors
compiling sw_gpio.c...
compiling sw_rcc.c...
..\inc\hw_uart.h(17): warning:  #1-D: last line of file ends without a newline
  #endif
..\inc\sw_rcc.h(7): warning:  #1295-D: Deprecated declaration RCC_HSE_init - give arg types
  void RCC_HSE_init();
..\src\sw_rcc.c: 2 warnings, 0 errors
compiling sw_interrupt.c...
..\inc\hw_uart.h(17): warning:  #1-D: last line of file ends without a newline
  #endif
..\inc\sw_interrupt.h(5): warning:  #1295-D: Deprecated declaration It_init - give arg types
  void It_init();
..\src\sw_interrupt.c: 2 warnings, 0 errors
linking...
Program Size: Code=740 RO-data=208 RW-data=0 ZI-data=1632  
".\usart1.axf" - 0 Error(s), 8 Warning(s).
