<html>
<body>
<pre>
<h1>µVision Build Log</h1>
<h2>Project:</h2>
D:\stm32f051r8-kelic5-reg\interrupt\pro\interrupt.uvproj
Project File Date:  11/21/2018

<h2>Output:</h2>
Build target 'Target 1'
compiling gpio.c...
..\inc\hw_stm32f051r8.h(87): warning:  #1-D: last line of file ends without a newline
  #endif
..\inc\gpio.h(5): warning:  #1295-D: Deprecated declaration enClkPA - give arg types
  void enClkPA();
..\inc\gpio.h(6): warning:  #1295-D: Deprecated declaration enClkPB - give arg types
  void enClkPB();
..\inc\gpio.h(7): warning:  #1295-D: Deprecated declaration enClkPC - give arg types
  void enClkPC();
..\inc\gpio.h(29): warning:  #1-D: last line of file ends without a newline
  #endif
..\src\gpio.c: 5 warnings, 0 errors
compiling main.c...
..\inc\hw_stm32f051r8.h(87): warning:  #1-D: last line of file ends without a newline
  #endif
..\inc\gpio.h(5): warning:  #1295-D: Deprecated declaration enClkPA - give arg types
  void enClkPA();
..\inc\gpio.h(6): warning:  #1295-D: Deprecated declaration enClkPB - give arg types
  void enClkPB();
..\inc\gpio.h(7): warning:  #1295-D: Deprecated declaration enClkPC - give arg types
  void enClkPC();
..\inc\gpio.h(29): warning:  #1-D: last line of file ends without a newline
  #endif
..\inc\delay.h(4): warning:  #1-D: last line of file ends without a newline
  #endif
..\inc\interrupt.h(4): warning:  #1295-D: Deprecated declaration Init_Interrupt - give arg types
  void Init_Interrupt();
..\inc\interrupt.h(5): warning:  #1-D: last line of file ends without a newline
  #endif
..\src\main.c(38): warning:  #111-D: statement is unreachable
        return 0;
..\src\main.c: 9 warnings, 0 errors
linking...
Program Size: Code=1204 RO-data=224 RW-data=4 ZI-data=1636  
FromELF: creating hex file...
"..\output\interrupt.axf" - 0 Error(s), 14 Warning(s).
recated declaration enClkPC - give arg types
  void enClkPC();
..\inc\gpio.h(32): warning:  #1-D: last line of file ends without a newline
  #endif
..\inc\delay.h(4): warning:  #1-D: last line of file ends without a newline
  #endif
..\inc\interrupt.h(4): warning:  #1295-D: Deprecated declaration Init_Interrupt - give arg types
  void Init_Interrupt();
..\inc\interrupt.h(5): warning:  #1-D: last line of file ends without a newline
  #endif
..\src\main.c(38): warning:  #111-D: statement is unreachable
        return 0;
..\src\main.c: 9 warnings, 0 errors
linking...
Program Size: Code=1204 RO-data=224 RW-data=4 ZI-data=1636  
FromELF: creating hex file...
"..\output\interrupt.axf" - 0 Error(s), 20 Warning(s).
 Warning(s).
errupt.axf" - 0 Error(s), 20 Warning(s).
d symbol asm (referred from interrupt.o).
Not enough information to list image symbols.
Finished: 1 information, 0 warning and 1 error messages.
"..\output\interrupt.axf" - 1 Error(s), 21 Warning(s).
Target not created
red from delay.o).
Not enough information to list image symbols.
Finished: 1 information, 0 warning and 2 error messages.
"..\output\interrupt.axf" - 2 Error(s), 22 Warning(s).
Target not created
