<html>
<body>
<pre>
<h1>µVision Build Log</h1>
<h2>Project:</h2>
D:\stm32f051r8-kelic5-reg\gpio\pro\gpio.uvproj
Project File Date:  11/21/2018

<h2>Output:</h2>
Rebuild target 'Target 1'
assembling startup_stm32f051.s...
compiling main.c...
compiling sw_rcc.c...
compiling sw_gpio.c...
linking...
Program Size: Code=1700 RO-data=208 RW-data=0 ZI-data=1632  
FromELF: creating hex file...
"..\out\gpio.axf" - 0 Error(s), 0 Warning(s).
</pre>
</body>
</html>
rc\main.c" - 0 Error(s), 0 Warning(s).
creating hex file...
"..\out\gpio.axf" - 0 Error(s), 2 Warning(s).
 newline
  }
..\src\sw_gpio.c: 2 warnings, 0 errors
linking...
Program Size: Code=1476 RO-data=208 RW-data=0 ZI-data=1632  
FromELF: creating hex file...
"..\out\gpio.axf" - 0 Error(s), 3 Warning(s).
ier "GPIO_D_BASE" is undefined
                                        GPIO_D_MODER |= (INPUT<<(2*pin));
..\src\sw_gpio.c(77): warning:  #1-D: last line of file ends without a newline
  }
..\src\sw_gpio.c: 2 warnings, 3 errors
"..\out\gpio.axf" - 3 Error(s), 3 Warning(s).
Target not created
 errors
"..\out\gpio.axf" - 5 Error(s), 2 Warning(s).
Target not created
<<(2*pin));
..\src\sw_gpio.c(113): warning:  #1-D: last line of file ends without a newline
  }
..\src\sw_gpio.c: 2 warnings, 5 errors
"..\out\gpio.axf" - 5 Error(s), 3 Warning(s).
Target not created
