Product: MDK-ARM Standard 5.10
Component: ARM Compiler 5.04 update 1 (build 49)
Tool: armlink [5040049]

==============================================================================

Section Cross References

    startup_stm32f051.o(RESET) refers to startup_stm32f051.o(STACK) for __initial_sp
    startup_stm32f051.o(RESET) refers to startup_stm32f051.o(.text) for Reset_Handler
    startup_stm32f051.o(RESET) refers to main.o(i.RCC_IRQHandler) for RCC_IRQHandler
    startup_stm32f051.o(.text) refers to main.o(i.SystemInit) for SystemInit
    startup_stm32f051.o(.text) refers to entry.o(.ARM.Collect$$$$00000000) for __main
    sw_gpio.o(i.GPIO_ODRport) refers to sw_gpio.o(i.__ARM_common_switch8) for __ARM_common_switch8
    sw_gpio.o(i.GPIO_resetbit) refers to sw_gpio.o(i.__ARM_common_switch8) for __ARM_common_switch8
    sw_gpio.o(i.GPIO_setbit) refers to sw_gpio.o(i.__ARM_common_switch8) for __ARM_common_switch8
    sw_gpio.o(i.GPIO_setmode) refers to sw_gpio.o(i.__ARM_common_switch8) for __ARM_common_switch8
    sw_rcc.o(i.RCC_EnClkIOport) refers to sw_gpio.o(i.__ARM_common_switch8) for __ARM_common_switch8
    main.o(i.main) refers to sw_rcc.o(i.RCC_HSE_init) for RCC_HSE_init
    main.o(i.main) refers to sw_rcc.o(i.RCC_EnClkIOport) for RCC_EnClkIOport
    main.o(i.main) refers to sw_gpio.o(i.GPIO_setmode) for GPIO_setmode
    main.o(i.main) refers to sw_gpio.o(i.GPIO_setbit) for GPIO_setbit
    main.o(i.main) refers to sw_gpio.o(i.GPIO_resetbit) for GPIO_resetbit
    main.o(i.main) refers to main.o(i.delay) for delay
    entry.o(.ARM.Collect$$$$00000000) refers (Special) to entry10a.o(.ARM.Collect$$$$0000000D) for __rt_final_cpp
    entry.o(.ARM.Collect$$$$00000000) refers (Special) to entry11a.o(.ARM.Collect$$$$0000000F) for __rt_final_exit
    entry.o(.ARM.Collect$$$$00000000) refers (Special) to entry7b.o(.ARM.Collect$$$$00000008) for _main_clock
    entry.o(.ARM.Collect$$$$00000000) refers (Special) to entry8b.o(.ARM.Collect$$$$0000000A) for _main_cpp_init
    entry.o(.ARM.Collect$$$$00000000) refers (Special) to entry9a.o(.ARM.Collect$$$$0000000B) for _main_init
    entry.o(.ARM.Collect$$$$00000000) refers (Special) to entry5.o(.ARM.Collect$$$$00000004) for _main_scatterload
    entry.o(.ARM.Collect$$$$00000000) refers (Special) to entry2.o(.ARM.Collect$$$$00000001) for _main_stk
    entry2.o(.ARM.Collect$$$$00000001) refers to entry2.o(.ARM.Collect$$$$00002712) for __lit__00000000
    entry2.o(.ARM.Collect$$$$00002712) refers to startup_stm32f051.o(STACK) for __initial_sp
    entry2.o(__vectab_stack_and_reset_area) refers to startup_stm32f051.o(STACK) for __initial_sp
    entry2.o(__vectab_stack_and_reset_area) refers to entry.o(.ARM.Collect$$$$00000000) for __main
    entry5.o(.ARM.Collect$$$$00000004) refers to init.o(.text) for __scatterload
    entry9a.o(.ARM.Collect$$$$0000000B) refers to main.o(i.main) for main
    entry9b.o(.ARM.Collect$$$$0000000C) refers to main.o(i.main) for main
    init.o(.text) refers to entry5.o(.ARM.Collect$$$$00000004) for __main_after_scatterload


==============================================================================

Removing Unused input sections from the image.

    Removing startup_stm32f051.o(HEAP), (512 bytes).
    Removing sw_gpio.o(i.GPIO_ODRport), (120 bytes).
    Removing sw_interrupt.o(i.It_init), (72 bytes).

3 unused section(s) (total 704 bytes) removed from the image.

==============================================================================

Image Symbol Table

    Local Symbols

    Symbol Name                              Value     Ov Type        Size  Object(Section)

    ../clib/microlib/init/entry.s            0x00000000   Number         0  entry5.o ABSOLUTE
    ../clib/microlib/init/entry.s            0x00000000   Number         0  entry7a.o ABSOLUTE
    ../clib/microlib/init/entry.s            0x00000000   Number         0  entry7b.o ABSOLUTE
    ../clib/microlib/init/entry.s            0x00000000   Number         0  entry8b.o ABSOLUTE
    ../clib/microlib/init/entry.s            0x00000000   Number         0  entry9a.o ABSOLUTE
    ../clib/microlib/init/entry.s            0x00000000   Number         0  entry.o ABSOLUTE
    ../clib/microlib/init/entry.s            0x00000000   Number         0  entry8a.o ABSOLUTE
    ../clib/microlib/init/entry.s            0x00000000   Number         0  entry9b.o ABSOLUTE
    ../clib/microlib/init/entry.s            0x00000000   Number         0  entry10a.o ABSOLUTE
    ../clib/microlib/init/entry.s            0x00000000   Number         0  entry2.o ABSOLUTE
    ../clib/microlib/init/entry.s            0x00000000   Number         0  entry10b.o ABSOLUTE
    ../clib/microlib/init/entry.s            0x00000000   Number         0  entry11a.o ABSOLUTE
    ../clib/microlib/init/entry.s            0x00000000   Number         0  entry11b.o ABSOLUTE
    ..\src\main.c                            0x00000000   Number         0  main.o ABSOLUTE
    ..\src\sw_gpio.c                         0x00000000   Number         0  sw_gpio.o ABSOLUTE
    ..\src\sw_interrupt.c                    0x00000000   Number         0  sw_interrupt.o ABSOLUTE
    ..\src\sw_rcc.c                          0x00000000   Number         0  sw_rcc.o ABSOLUTE
    dc.s                                     0x00000000   Number         0  dc.o ABSOLUTE
    handlers.s                               0x00000000   Number         0  handlers.o ABSOLUTE
    init.s                                   0x00000000   Number         0  init.o ABSOLUTE
    startup_stm32f051.s                      0x00000000   Number         0  startup_stm32f051.o ABSOLUTE
    RESET                                    0x08000000   Section      192  startup_stm32f051.o(RESET)
    .ARM.Collect$$$$00000000                 0x080000c0   Section        0  entry.o(.ARM.Collect$$$$00000000)
    .ARM.Collect$$$$00000001                 0x080000c0   Section        4  entry2.o(.ARM.Collect$$$$00000001)
    .ARM.Collect$$$$00000004                 0x080000c4   Section        4  entry5.o(.ARM.Collect$$$$00000004)
    .ARM.Collect$$$$00000008                 0x080000c8   Section        0  entry7b.o(.ARM.Collect$$$$00000008)
    .ARM.Collect$$$$0000000A                 0x080000c8   Section        0  entry8b.o(.ARM.Collect$$$$0000000A)
    .ARM.Collect$$$$0000000B                 0x080000c8   Section        8  entry9a.o(.ARM.Collect$$$$0000000B)
    .ARM.Collect$$$$0000000D                 0x080000d0   Section        0  entry10a.o(.ARM.Collect$$$$0000000D)
    .ARM.Collect$$$$0000000F                 0x080000d0   Section        0  entry11a.o(.ARM.Collect$$$$0000000F)
    .ARM.Collect$$$$00002712                 0x080000d0   Section        4  entry2.o(.ARM.Collect$$$$00002712)
    __lit__00000000                          0x080000d0   Data           4  entry2.o(.ARM.Collect$$$$00002712)
    .text                                    0x080000d4   Section       28  startup_stm32f051.o(.text)
    .text                                    0x080000f0   Section       36  init.o(.text)
    i.GPIO_resetbit                          0x08000114   Section        0  sw_gpio.o(i.GPIO_resetbit)
    i.GPIO_setbit                            0x080001bc   Section        0  sw_gpio.o(i.GPIO_setbit)
    i.GPIO_setmode                           0x0800024c   Section        0  sw_gpio.o(i.GPIO_setmode)
    i.RCC_EnClkIOport                        0x080004c0   Section        0  sw_rcc.o(i.RCC_EnClkIOport)
    i.RCC_HSE_init                           0x0800053c   Section        0  sw_rcc.o(i.RCC_HSE_init)
    i.RCC_IRQHandler                         0x0800057c   Section        0  main.o(i.RCC_IRQHandler)
    i.SystemInit                             0x080005b0   Section        0  main.o(i.SystemInit)
    i.__ARM_common_switch8                   0x08000640   Section        0  sw_gpio.o(i.__ARM_common_switch8)
    i.__scatterload_copy                     0x0800065c   Section       14  handlers.o(i.__scatterload_copy)
    i.__scatterload_null                     0x0800066a   Section        2  handlers.o(i.__scatterload_null)
    i.__scatterload_zeroinit                 0x0800066c   Section       14  handlers.o(i.__scatterload_zeroinit)
    i.delay                                  0x0800067c   Section        0  main.o(i.delay)
    i.main                                   0x0800069c   Section        0  main.o(i.main)
    STACK                                    0x20000000   Section     1024  startup_stm32f051.o(STACK)

    Global Symbols

    Symbol Name                              Value     Ov Type        Size  Object(Section)

    BuildAttributes$$THM_ISAv3M$S$PE$A:L22$X:L11$S22$IEEE1$IW$USESV6$~STKCKD$USESV7$~SHL$OSPACE$EBA8$MICROLIB$REQ8$PRES8$EABIv2 0x00000000   Number         0  anon$$obj.o ABSOLUTE
    __ARM_use_no_argv                        0x00000000   Number         0  main.o ABSOLUTE
    __cpp_initialize__aeabi_                  - Undefined Weak Reference
    __cxa_finalize                            - Undefined Weak Reference
    __decompress                              - Undefined Weak Reference
    _clock_init                               - Undefined Weak Reference
    _microlib_exit                            - Undefined Weak Reference
    __Vectors_Size                           0x000000c0   Number         0  startup_stm32f051.o ABSOLUTE
    __Vectors                                0x08000000   Data           4  startup_stm32f051.o(RESET)
    __Vectors_End                            0x080000c0   Data           0  startup_stm32f051.o(RESET)
    __main                                   0x080000c1   Thumb Code     0  entry.o(.ARM.Collect$$$$00000000)
    _main_stk                                0x080000c1   Thumb Code     0  entry2.o(.ARM.Collect$$$$00000001)
    _main_scatterload                        0x080000c5   Thumb Code     0  entry5.o(.ARM.Collect$$$$00000004)
    __main_after_scatterload                 0x080000c9   Thumb Code     0  entry5.o(.ARM.Collect$$$$00000004)
    _main_clock                              0x080000c9   Thumb Code     0  entry7b.o(.ARM.Collect$$$$00000008)
    _main_cpp_init                           0x080000c9   Thumb Code     0  entry8b.o(.ARM.Collect$$$$0000000A)
    _main_init                               0x080000c9   Thumb Code     0  entry9a.o(.ARM.Collect$$$$0000000B)
    __rt_final_cpp                           0x080000d1   Thumb Code     0  entry10a.o(.ARM.Collect$$$$0000000D)
    __rt_final_exit                          0x080000d1   Thumb Code     0  entry11a.o(.ARM.Collect$$$$0000000F)
    Reset_Handler                            0x080000d5   Thumb Code     8  startup_stm32f051.o(.text)
    NMI_Handler                              0x080000dd   Thumb Code     2  startup_stm32f051.o(.text)
    HardFault_Handler                        0x080000df   Thumb Code     2  startup_stm32f051.o(.text)
    SVC_Handler                              0x080000e1   Thumb Code     2  startup_stm32f051.o(.text)
    PendSV_Handler                           0x080000e3   Thumb Code     2  startup_stm32f051.o(.text)
    SysTick_Handler                          0x080000e5   Thumb Code     2  startup_stm32f051.o(.text)
    ADC1_COMP_IRQHandler                     0x080000e7   Thumb Code     0  startup_stm32f051.o(.text)
    CEC_IRQHandler                           0x080000e7   Thumb Code     0  startup_stm32f051.o(.text)
    DMA1_Channel1_IRQHandler                 0x080000e7   Thumb Code     0  startup_stm32f051.o(.text)
    DMA1_Channel2_3_IRQHandler               0x080000e7   Thumb Code     0  startup_stm32f051.o(.text)
    DMA1_Channel4_5_IRQHandler               0x080000e7   Thumb Code     0  startup_stm32f051.o(.text)
    EXTI0_1_IRQHandler                       0x080000e7   Thumb Code     0  startup_stm32f051.o(.text)
    EXTI2_3_IRQHandler                       0x080000e7   Thumb Code     0  startup_stm32f051.o(.text)
    EXTI4_15_IRQHandler                      0x080000e7   Thumb Code     0  startup_stm32f051.o(.text)
    FLASH_IRQHandler                         0x080000e7   Thumb Code     0  startup_stm32f051.o(.text)
    I2C1_IRQHandler                          0x080000e7   Thumb Code     0  startup_stm32f051.o(.text)
    I2C2_IRQHandler                          0x080000e7   Thumb Code     0  startup_stm32f051.o(.text)
    PVD_IRQHandler                           0x080000e7   Thumb Code     0  startup_stm32f051.o(.text)
    RTC_IRQHandler                           0x080000e7   Thumb Code     0  startup_stm32f051.o(.text)
    SPI1_IRQHandler                          0x080000e7   Thumb Code     0  startup_stm32f051.o(.text)
    SPI2_IRQHandler                          0x080000e7   Thumb Code     0  startup_stm32f051.o(.text)
    TIM14_IRQHandler                         0x080000e7   Thumb Code     0  startup_stm32f051.o(.text)
    TIM15_IRQHandler                         0x080000e7   Thumb Code     0  startup_stm32f051.o(.text)
    TIM16_IRQHandler                         0x080000e7   Thumb Code     0  startup_stm32f051.o(.text)
    TIM17_IRQHandler                         0x080000e7   Thumb Code     0  startup_stm32f051.o(.text)
    TIM1_BRK_UP_TRG_COM_IRQHandler           0x080000e7   Thumb Code     0  startup_stm32f051.o(.text)
    TIM1_CC_IRQHandler                       0x080000e7   Thumb Code     0  startup_stm32f051.o(.text)
    TIM2_IRQHandler                          0x080000e7   Thumb Code     0  startup_stm32f051.o(.text)
    TIM3_IRQHandler                          0x080000e7   Thumb Code     0  startup_stm32f051.o(.text)
    TIM6_DAC_IRQHandler                      0x080000e7   Thumb Code     0  startup_stm32f051.o(.text)
    TS_IRQHandler                            0x080000e7   Thumb Code     0  startup_stm32f051.o(.text)
    USART1_IRQHandler                        0x080000e7   Thumb Code     0  startup_stm32f051.o(.text)
    USART2_IRQHandler                        0x080000e7   Thumb Code     0  startup_stm32f051.o(.text)
    WWDG_IRQHandler                          0x080000e7   Thumb Code     0  startup_stm32f051.o(.text)
    __scatterload                            0x080000f1   Thumb Code    28  init.o(.text)
    __scatterload_rt2                        0x080000f1   Thumb Code     0  init.o(.text)
    GPIO_resetbit                            0x08000115   Thumb Code   148  sw_gpio.o(i.GPIO_resetbit)
    GPIO_setbit                              0x080001bd   Thumb Code   124  sw_gpio.o(i.GPIO_setbit)
    GPIO_setmode                             0x0800024d   Thumb Code   606  sw_gpio.o(i.GPIO_setmode)
    RCC_EnClkIOport                          0x080004c1   Thumb Code   120  sw_rcc.o(i.RCC_EnClkIOport)
    RCC_HSE_init                             0x0800053d   Thumb Code    52  sw_rcc.o(i.RCC_HSE_init)
    RCC_IRQHandler                           0x0800057d   Thumb Code    48  main.o(i.RCC_IRQHandler)
    SystemInit                               0x080005b1   Thumb Code   130  main.o(i.SystemInit)
    __ARM_common_switch8                     0x08000641   Thumb Code    28  sw_gpio.o(i.__ARM_common_switch8)
    __scatterload_copy                       0x0800065d   Thumb Code    14  handlers.o(i.__scatterload_copy)
    __scatterload_null                       0x0800066b   Thumb Code     2  handlers.o(i.__scatterload_null)
    __scatterload_zeroinit                   0x0800066d   Thumb Code    14  handlers.o(i.__scatterload_zeroinit)
    delay                                    0x0800067d   Thumb Code    26  main.o(i.delay)
    main                                     0x0800069d   Thumb Code    78  main.o(i.main)
    Region$$Table$$Base                      0x080006ec   Number         0  anon$$obj.o(Region$$Table)
    Region$$Table$$Limit                     0x080006fc   Number         0  anon$$obj.o(Region$$Table)
    __initial_sp                             0x20000400   Data           0  startup_stm32f051.o(STACK)



==============================================================================

Memory Map of the image

  Image Entry point : 0x080000c1

  Load Region LR_IROM1 (Base: 0x08000000, Size: 0x000006fc, Max: 0x00010000, ABSOLUTE)

    Execution Region ER_IROM1 (Base: 0x08000000, Size: 0x000006fc, Max: 0x00010000, ABSOLUTE)

    Base Addr    Size         Type   Attr      Idx    E Section Name        Object

    0x08000000   0x000000c0   Data   RO            3    RESET               startup_stm32f051.o
    0x080000c0   0x00000000   Code   RO          124  * .ARM.Collect$$$$00000000  mc_p.l(entry.o)
    0x080000c0   0x00000004   Code   RO          127    .ARM.Collect$$$$00000001  mc_p.l(entry2.o)
    0x080000c4   0x00000004   Code   RO          130    .ARM.Collect$$$$00000004  mc_p.l(entry5.o)
    0x080000c8   0x00000000   Code   RO          132    .ARM.Collect$$$$00000008  mc_p.l(entry7b.o)
    0x080000c8   0x00000000   Code   RO          134    .ARM.Collect$$$$0000000A  mc_p.l(entry8b.o)
    0x080000c8   0x00000008   Code   RO          135    .ARM.Collect$$$$0000000B  mc_p.l(entry9a.o)
    0x080000d0   0x00000000   Code   RO          137    .ARM.Collect$$$$0000000D  mc_p.l(entry10a.o)
    0x080000d0   0x00000000   Code   RO          139    .ARM.Collect$$$$0000000F  mc_p.l(entry11a.o)
    0x080000d0   0x00000004   Code   RO          128    .ARM.Collect$$$$00002712  mc_p.l(entry2.o)
    0x080000d4   0x0000001c   Code   RO            4    .text               startup_stm32f051.o
    0x080000f0   0x00000024   Code   RO          141    .text               mc_p.l(init.o)
    0x08000114   0x000000a8   Code   RO           11    i.GPIO_resetbit     sw_gpio.o
    0x080001bc   0x00000090   Code   RO           12    i.GPIO_setbit       sw_gpio.o
    0x0800024c   0x00000274   Code   RO           13    i.GPIO_setmode      sw_gpio.o
    0x080004c0   0x0000007c   Code   RO           49    i.RCC_EnClkIOport   sw_rcc.o
    0x0800053c   0x00000040   Code   RO           50    i.RCC_HSE_init      sw_rcc.o
    0x0800057c   0x00000034   Code   RO           94    i.RCC_IRQHandler    main.o
    0x080005b0   0x00000090   Code   RO           95    i.SystemInit        main.o
    0x08000640   0x0000001c   Code   RO           37    i.__ARM_common_switch8  sw_gpio.o
    0x0800065c   0x0000000e   Code   RO          145    i.__scatterload_copy  mc_p.l(handlers.o)
    0x0800066a   0x00000002   Code   RO          146    i.__scatterload_null  mc_p.l(handlers.o)
    0x0800066c   0x0000000e   Code   RO          147    i.__scatterload_zeroinit  mc_p.l(handlers.o)
    0x0800067a   0x00000002   PAD
    0x0800067c   0x00000020   Code   RO           96    i.delay             main.o
    0x0800069c   0x0000004e   Code   RO           97    i.main              main.o
    0x080006ea   0x00000002   PAD
    0x080006ec   0x00000010   Data   RO          143    Region$$Table       anon$$obj.o


    Execution Region RW_IRAM1 (Base: 0x20000000, Size: 0x00000400, Max: 0x00002000, ABSOLUTE)

    Base Addr    Size         Type   Attr      Idx    E Section Name        Object

    0x20000000   0x00000400   Zero   RW            1    STACK               startup_stm32f051.o


==============================================================================

Image component sizes


      Code (inc. data)   RO Data    RW Data    ZI Data      Debug   Object Name

       306         24          0          0          0       1669   main.o
        28          8        192          0       1024        600   startup_stm32f051.o
       968         86          0          0          0       3289   sw_gpio.o
       188         24          0          0          0        873   sw_rcc.o

    ----------------------------------------------------------------------
      1492        142        208          0       1024       6431   Object Totals
         0          0         16          0          0          0   (incl. Generated)
         2          0          0          0          0          0   (incl. Padding)

    ----------------------------------------------------------------------

      Code (inc. data)   RO Data    RW Data    ZI Data      Debug   Library Member Name

         0          0          0          0          0          0   entry.o
         0          0          0          0          0          0   entry10a.o
         0          0          0          0          0          0   entry11a.o
         8          4          0          0          0          0   entry2.o
         4          0          0          0          0          0   entry5.o
         0          0          0          0          0          0   entry7b.o
         0          0          0          0          0          0   entry8b.o
         8          4          0          0          0          0   entry9a.o
        30          0          0          0          0          0   handlers.o
        36          8          0          0          0         68   init.o

    ----------------------------------------------------------------------
        88         16          0          0          0         68   Library Totals
         2          0          0          0          0          0   (incl. Padding)

    ----------------------------------------------------------------------

      Code (inc. data)   RO Data    RW Data    ZI Data      Debug   Library Name

        86         16          0          0          0         68   mc_p.l

    ----------------------------------------------------------------------
        88         16          0          0          0         68   Library Totals

    ----------------------------------------------------------------------

==============================================================================


      Code (inc. data)   RO Data    RW Data    ZI Data      Debug   

      1580        158        208          0       1024       6299   Grand Totals
      1580        158        208          0       1024       6299   ELF Image Totals
      1580        158        208          0          0          0   ROM Totals

==============================================================================

    Total RO  Size (Code + RO Data)                 1788 (   1.75kB)
    Total RW  Size (RW Data + ZI Data)              1024 (   1.00kB)
    Total ROM Size (Code + RO Data + RW Data)       1788 (   1.75kB)

==============================================================================

