<html>
<body>
<pre>
<h1>µVision Build Log</h1>
<h2>Project:</h2>
D:\Github\STM32F051R8\uart\pro\usart1.uvproj
Project File Date:  11/23/2018

<h2>Output:</h2>
Rebuild target 'Target 1'
assembling startup_stm32f051.s...
compiling main.c...
compiling sw_gpio.c...
compiling sw_rcc.c...
compiling sw_interrupt.c...
compiling sw_uart.c...
linking...
Program Size: Code=2200 RO-data=224 RW-data=4 ZI-data=1636  
"..\out\usart1.axf" - 0 Error(s), 0 Warning(s).
</pre>
</body>
</html>
 
Set JLink Project File to "D:\Github\STM32F051R8\uart\pro\JLinkSettings.ini"
* JLink Info: Device "STM32F051R8" selected (64 KB flash, 8 KB RAM).
 
JLink info:
------------
DLL: V4.80g, compiled Feb 13 2014 20:50:02
Firmware: J-Link STLink V2 compiled Jun 26 2017 10:34:41
Hardware: V1.00
S/N : 776025907 
 
* JLink Info: Found SWD-DP with ID 0x0BB11477
* JLink Info: Found SWD-DP with ID 0x0BB11477
* JLink Info: Found Cortex-M0 r0p0, Little endian.
* JLink Info: FPUnit: 4 code (BP) slots and 0 literal slots
ROMTableAddr = 0xE00FF003
 
Target info:
------------
Device: STM32F051R8
VTarget = 3.300V
State of Pins: 
TCK: 0, TDI: 128, TDO: 64, TMS: 0, TRES: 1, TRST: 255
Hardware-Breakpoints: 4
Software-Breakpoints: 8192
Watchpoints:          2
JTAG speed: 2000 kHz
 
Erase Done.
Programming Done.
Verify OK.
Application running ...
Load "..\\out\\usart1.axf" 
Set JLink Project File to "D:\Github\STM32F051R8\uart\pro\JLinkSettings.ini"
* JLink Info: Device "STM32F051R8" selected (64 KB flash, 8 KB RAM).
 
JLink info:
------------
DLL: V4.80g, compiled Feb 13 2014 20:50:02
Firmware: J-Link STLink V2 compiled Jun 26 2017 10:34:41
Hardware: V1.00
S/N : 776025907 
 
* JLink Info: Found SWD-DP with ID 0x0BB11477
* JLink Info: Found SWD-DP with ID 0x0BB11477
* JLink Info: Found Cortex-M0 r0p0, Little endian.
* JLink Info: FPUnit: 4 code (BP) slots and 0 literal slots
ROMTableAddr = 0xE00FF003
 
Target info:
------------
Device: STM32F051R8
VTarget = 3.300V
State of Pins: 
TCK: 0, TDI: 128, TDO: 64, TMS: 0, TRES: 1, TRST: 255
Hardware-Breakpoints: 4
Software-Breakpoints: 8192
Watchpoints:          2
JTAG speed: 2000 kHz
 
Erase Done.
Programming Done.
Verify OK.
Application running ...
